// Jest Snapshot v1, https://goo.gl/fbAQLP

exports[`should render Header correctly 1`] = `
<div
  className="css-8dcter"
>
  <a
    href="/"
    onClick={[Function]}
  >
    <img
      alt="Momji"
      className="chakra-image__placeholder css-0"
    />
  </a>
  <h2
    className="chakra-heading css-1y6ic72"
  >
    Test Technique Momji
  </h2>
</div>
`;
