// Jest Snapshot v1, https://goo.gl/fbAQLP

exports[`should render Header correctly 1`] = `
<Menu>
  <Box
    alignItems="center"
    boxSize="100%"
    display="flex"
    justifyContent="center"
    p={10}
  >
    <Link
      to="/"
    >
      <Image
        alt="Momji"
        src="https://www.momji.fr/sites/default/files/logo/SA_to_Momji_80px_1.png"
      />
    </Link>
    <Heading
      ml={10}
    >
      Test Technique Momji
    </Heading>
  </Box>
</Menu>
`;
